{
  "version": "1.5.0",
  "plugins_used": [
    {
      "name": "ArtifactoryDetector"
    },
    {
      "name": "AWSKeyDetector"
    },
    {
      "name": "AzureStorageKeyDetector"
    },
    {
      "name": "Base64HighEntropyString",
      "limit": 4.5
    },
    {
      "name": "BasicAuthDetector"
    },
    {
      "name": "CloudantDetector"
    },
    {
      "name": "DiscordBotTokenDetector"
    },
    {
      "name": "GitHubTokenDetector"
    },
    {
      "name": "GitLabTokenDetector"
    },
    {
      "name": "HexHighEntropyString",
      "limit": 3.0
    },
    {
      "name": "IbmCloudIamDetector"
    },
    {
      "name": "IbmCosHmacDetector"
    },
    {
      "name": "IPPublicDetector"
    },
    {
      "name": "JwtTokenDetector"
    },
    {
      "name": "KeywordDetector",
      "keyword_exclude": ""
    },
    {
      "name": "MailchimpDetector"
    },
    {
      "name": "NpmDetector"
    },
    {
      "name": "OpenAIDetector"
    },
    {
      "name": "PrivateKeyDetector"
    },
    {
      "name": "PypiTokenDetector"
    },
    {
      "name": "SendGridDetector"
    },
    {
      "name": "SlackDetector"
    },
    {
      "name": "SoftlayerDetector"
    },
    {
      "name": "SquareOAuthDetector"
    },
    {
      "name": "StripeDetector"
    },
    {
      "name": "TelegramBotTokenDetector"
    },
    {
      "name": "TwilioKeyDetector"
    }
  ],
  "filters_used": [
    {
      "path": "detect_secrets.filters.allowlist.is_line_allowlisted"
    },
    {
      "path": "detect_secrets.filters.common.is_baseline_file",
      "filename": ".secrets.baseline"
    },
    {
      "path": "detect_secrets.filters.common.is_ignored_due_to_verification_policies",
      "min_level": 2
    },
    {
      "path": "detect_secrets.filters.heuristic.is_indirect_reference"
    },
    {
      "path": "detect_secrets.filters.heuristic.is_likely_id_string"
    },
    {
      "path": "detect_secrets.filters.heuristic.is_lock_file"
    },
    {
      "path": "detect_secrets.filters.heuristic.is_not_alphanumeric_string"
    },
    {
      "path": "detect_secrets.filters.heuristic.is_potential_uuid"
    },
    {
      "path": "detect_secrets.filters.heuristic.is_prefixed_with_dollar_sign"
    },
    {
      "path": "detect_secrets.filters.heuristic.is_sequential_string"
    },
    {
      "path": "detect_secrets.filters.heuristic.is_swagger_file"
    },
    {
      "path": "detect_secrets.filters.heuristic.is_templated_secret"
    }
  ],
  "results": {
    ".specify/integrations/copilot.manifest.json": [
      {
        "type": "Hex High Entropy String",
        "filename": ".specify/integrations/copilot.manifest.json",
        "hashed_secret": "c411fdf15c58e5b80af9cb5e1dbd88cb6f892dfa",
        "is_verified": false,
        "line_number": 6
      },
      {
        "type": "Hex High Entropy String",
        "filename": ".specify/integrations/copilot.manifest.json",
        "hashed_secret": "c18e15f0cf10a52fbc9a076cfa3f691007972c27",
        "is_verified": false,
        "line_number": 7
      },
      {
        "type": "Hex High Entropy String",
        "filename": ".specify/integrations/copilot.manifest.json",
        "hashed_secret": "dcac328521f1345d85fbb608642e9a8843847db8",
        "is_verified": false,
        "line_number": 8
      },
      {
        "type": "Hex High Entropy String",
        "filename": ".specify/integrations/copilot.manifest.json",
        "hashed_secret": "717b90528dc337ca4a7b7534ec9b7799bfba1809",
        "is_verified": false,
        "line_number": 9
      },
      {
        "type": "Hex High Entropy String",
        "filename": ".specify/integrations/copilot.manifest.json",
        "hashed_secret": "5b58af287c11f117b71eb112128daad1eb2e281b",
        "is_verified": false,
        "line_number": 10
      },
      {
        "type": "Hex High Entropy String",
        "filename": ".specify/integrations/copilot.manifest.json",
        "hashed_secret": "05018fd2f129d19f907b629f68833056c34ea447",
        "is_verified": false,
        "line_number": 11
      },
      {
        "type": "Hex High Entropy String",
        "filename": ".specify/integrations/copilot.manifest.json",
        "hashed_secret": "4557bab729a280f42b3cfc58290a06068e7a0430",
        "is_verified": false,
        "line_number": 12
      },
      {
        "type": "Hex High Entropy String",
        "filename": ".specify/integrations/copilot.manifest.json",
        "hashed_secret": "0a146ded93971376a35e16c653776c33f0b099ef",
        "is_verified": false,
        "line_number": 13
      },
      {
        "type": "Hex High Entropy String",
        "filename": ".specify/integrations/copilot.manifest.json",
        "hashed_secret": "819b1c92bdb23916bdf8e535588d45de0b912626",
        "is_verified": false,
        "line_number": 14
      },
      {
        "type": "Hex High Entropy String",
        "filename": ".specify/integrations/copilot.manifest.json",
        "hashed_secret": "2a18bcff31e5fe30d3456516b5b219353ab86251",
        "is_verified": false,
        "line_number": 15
      },
      {
        "type": "Hex High Entropy String",
        "filename": ".specify/integrations/copilot.manifest.json",
        "hashed_secret": "bcc56203d1b06207d79806f61f00926124bc93f6",
        "is_verified": false,
        "line_number": 16
      },
      {
        "type": "Hex High Entropy String",
        "filename": ".specify/integrations/copilot.manifest.json",
        "hashed_secret": "1bd5808d29f0baf6ccdd8f64a926dd1370cdf3de",
        "is_verified": false,
        "line_number": 17
      },
      {
        "type": "Hex High Entropy String",
        "filename": ".specify/integrations/copilot.manifest.json",
        "hashed_secret": "a7cf10ee7692289db628adc1e8283d0022fa7bac",
        "is_verified": false,
        "line_number": 18
      },
      {
        "type": "Hex High Entropy String",
        "filename": ".specify/integrations/copilot.manifest.json",
        "hashed_secret": "62117cb86f604a29509407c32339f2411e1580e8",
        "is_verified": false,
        "line_number": 19
      },
      {
        "type": "Hex High Entropy String",
        "filename": ".specify/integrations/copilot.manifest.json",
        "hashed_secret": "0970c1a55f879ff3aa7de54153c191a879a13483",
        "is_verified": false,
        "line_number": 20
      },
      {
        "type": "Hex High Entropy String",
        "filename": ".specify/integrations/copilot.manifest.json",
        "hashed_secret": "53c87594c22acf617ae6a0210f6e0df6785bb6da",
        "is_verified": false,
        "line_number": 21
      },
      {
        "type": "Hex High Entropy String",
        "filename": ".specify/integrations/copilot.manifest.json",
        "hashed_secret": "e0620c8016795ec1eb61894aa96a692dc567d935",
        "is_verified": false,
        "line_number": 22
      },
      {
        "type": "Hex High Entropy String",
        "filename": ".specify/integrations/copilot.manifest.json",
        "hashed_secret": "b1533078191b915610220e62f11b4b3ce604d6e0",
        "is_verified": false,
        "line_number": 23
      }
    ],
    ".specify/integrations/speckit.manifest.json": [
      {
        "type": "Hex High Entropy String",
        "filename": ".specify/integrations/speckit.manifest.json",
        "hashed_secret": "ddd6844f6a7c3ee5f7e6dd51eded83db3567faba",
        "is_verified": false,
        "line_number": 6
      },
      {
        "type": "Hex High Entropy String",
        "filename": ".specify/integrations/speckit.manifest.json",
        "hashed_secret": "ecde51343aeae413aaba7dc0a5eb327c83bdd97f",
        "is_verified": false,
        "line_number": 7
      },
      {
        "type": "Hex High Entropy String",
        "filename": ".specify/integrations/speckit.manifest.json",
        "hashed_secret": "bb8d6742113eef5d976133e844c73d4389aa4d5c",
        "is_verified": false,
        "line_number": 8
      },
      {
        "type": "Hex High Entropy String",
        "filename": ".specify/integrations/speckit.manifest.json",
        "hashed_secret": "643cb98b17fa3813e10afaa7ed5af5d334da85d2",
        "is_verified": false,
        "line_number": 9
      },
      {
        "type": "Hex High Entropy String",
        "filename": ".specify/integrations/speckit.manifest.json",
        "hashed_secret": "606979ec481dce48794c78b983ed49f775e4fd44",
        "is_verified": false,
        "line_number": 10
      },
      {
        "type": "Hex High Entropy String",
        "filename": ".specify/integrations/speckit.manifest.json",
        "hashed_secret": "246bc69bc522df923194fe62fc2ef6f4cf157bfe",
        "is_verified": false,
        "line_number": 11
      },
      {
        "type": "Hex High Entropy String",
        "filename": ".specify/integrations/speckit.manifest.json",
        "hashed_secret": "6c481bf584ec89fe5868814e71db48013022ff8e",
        "is_verified": false,
        "line_number": 12
      },
      {
        "type": "Hex High Entropy String",
        "filename": ".specify/integrations/speckit.manifest.json",
        "hashed_secret": "25c4a42ae4038007ad01f74d7e01a9d3352ef6ce",
        "is_verified": false,
        "line_number": 13
      },
      {
        "type": "Hex High Entropy String",
        "filename": ".specify/integrations/speckit.manifest.json",
        "hashed_secret": "9ca09f61b0fce77137bb336a5537503f9f28be91",
        "is_verified": false,
        "line_number": 14
      },
      {
        "type": "Hex High Entropy String",
        "filename": ".specify/integrations/speckit.manifest.json",
        "hashed_secret": "5a2c5ffb2fa4fb14d9cc8098f9aff3769a5f0894",
        "is_verified": false,
        "line_number": 15
      }
    ],
    "README.md": [
      {
        "type": "Secret Keyword",
        "filename": "README.md",
        "hashed_secret": "ec3810e10fb78db55ce38b9c18d1c3eb1db739e0",
        "is_verified": false,
        "line_number": 57
      },
      {
        "type": "Secret Keyword",
        "filename": "README.md",
        "hashed_secret": "c7a8c334eef5d1749fface7d42c66f9ae5e8cf36",
        "is_verified": false,
        "line_number": 58
      }
    ],
    "docs/source/how_to/configuration.md": [
      {
        "type": "Secret Keyword",
        "filename": "docs/source/how_to/configuration.md",
        "hashed_secret": "ec3810e10fb78db55ce38b9c18d1c3eb1db739e0",
        "is_verified": false,
        "line_number": 56
      },
      {
        "type": "Secret Keyword",
        "filename": "docs/source/how_to/configuration.md",
        "hashed_secret": "c7a8c334eef5d1749fface7d42c66f9ae5e8cf36",
        "is_verified": false,
        "line_number": 65
      }
    ],
    "specs/001-llm-commit-messages/quickstart.md": [
      {
        "type": "Secret Keyword",
        "filename": "specs/001-llm-commit-messages/quickstart.md",
        "hashed_secret": "ec3810e10fb78db55ce38b9c18d1c3eb1db739e0",
        "is_verified": false,
        "line_number": 20
      },
      {
        "type": "Secret Keyword",
        "filename": "specs/001-llm-commit-messages/quickstart.md",
        "hashed_secret": "c7a8c334eef5d1749fface7d42c66f9ae5e8cf36",
        "is_verified": false,
        "line_number": 22
      }
    ],
    "specs/001-llm-commit-messages/research.md": [
      {
        "type": "Secret Keyword",
        "filename": "specs/001-llm-commit-messages/research.md",
        "hashed_secret": "ec3810e10fb78db55ce38b9c18d1c3eb1db739e0",
        "is_verified": false,
        "line_number": 224
      },
      {
        "type": "Secret Keyword",
        "filename": "specs/001-llm-commit-messages/research.md",
        "hashed_secret": "c7a8c334eef5d1749fface7d42c66f9ae5e8cf36",
        "is_verified": false,
        "line_number": 225
      }
    ],
    "src/gmuse/llm.py": [
      {
        "type": "Secret Keyword",
        "filename": "src/gmuse/llm.py",
        "hashed_secret": "ec3810e10fb78db55ce38b9c18d1c3eb1db739e0",
        "is_verified": false,
        "line_number": 267
      },
      {
        "type": "Secret Keyword",
        "filename": "src/gmuse/llm.py",
        "hashed_secret": "c7a8c334eef5d1749fface7d42c66f9ae5e8cf36",
        "is_verified": false,
        "line_number": 268
      }
    ],
    "tests/integration/test_cli.py": [
      {
        "type": "Secret Keyword",
        "filename": "tests/integration/test_cli.py",
        "hashed_secret": "e9a5f12a8ecbb3eb46eca5096b5c52aa5e7c9fdd",
        "is_verified": false,
        "line_number": 112
      }
    ],
    "tests/integration/test_cli_config.py": [
      {
        "type": "Secret Keyword",
        "filename": "tests/integration/test_cli_config.py",
        "hashed_secret": "fd9a45bc0b07706d849cf85021ecf9123fa83d82",
        "is_verified": false,
        "line_number": 288
      },
      {
        "type": "Secret Keyword",
        "filename": "tests/integration/test_cli_config.py",
        "hashed_secret": "a94a8fe5ccb19ba61c4c0873d391e987982fbbd3",
        "is_verified": false,
        "line_number": 323
      }
    ],
    "tests/unit/test_commit.py": [
      {
        "type": "Secret Keyword",
        "filename": "tests/unit/test_commit.py",
        "hashed_secret": "e9a5f12a8ecbb3eb46eca5096b5c52aa5e7c9fdd",
        "is_verified": false,
        "line_number": 277
      }
    ],
    "tests/unit/test_llm.py": [
      {
        "type": "Secret Keyword",
        "filename": "tests/unit/test_llm.py",
        "hashed_secret": "e9a5f12a8ecbb3eb46eca5096b5c52aa5e7c9fdd",
        "is_verified": false,
        "line_number": 23
      },
      {
        "type": "Secret Keyword",
        "filename": "tests/unit/test_llm.py",
        "hashed_secret": "fd9a45bc0b07706d849cf85021ecf9123fa83d82",
        "is_verified": false,
        "line_number": 28
      },
      {
        "type": "Secret Keyword",
        "filename": "tests/unit/test_llm.py",
        "hashed_secret": "a94a8fe5ccb19ba61c4c0873d391e987982fbbd3",
        "is_verified": false,
        "line_number": 33
      }
    ]
  },
  "generated_at": "2026-05-30T03:13:27Z"
}
